[1mmbp[m · 2 s ago · 2 projects · 6 listeners · 2 containers                                                                 
[1mNAME                                          KIND      PORTS           PID   UP[m[2m|[m [1mvite (node) 101 · server[m              
[1m▾ api @ main (here) · 2 processes · 2 ports                                     [m[2m|[m command   node node_modules/.bin/vite 
    api[2m  orphaned, cwd deleted[m                server    8080,8081       200   1d[2m|[m           --port 5173                 
    go                                        test                      201  30s[2m|[m cwd       /src/shop                   
[1m▾ shop @ feat/cart (worktree) · 4 processes · 1 port                            [m[2m|[m project   shop @ feat/cart (worktree) 
[2m  ▾ zsh                                       shell                     100   5h[m[2m|[m root      /src/shop                   
[7;36m    ▾ vite (node)                             server    *5173           101   3h[m[2m|[m main repo /src/shop-main              
        esbuild                               other                     102   2h[2m|[m listeners tcp6 [::]:5173              
    claude                                    agent                     103  20m[2m|[m           (every interface)           
[1m▾ shop (compose) · 2 containers · 2 ports                                       [m[2m|[m parents   zsh 100 < pid 90            
    shop-web-1 (nginx:1.27)                   container *8000                   [2m|[m started   2026-10-02 09:00:00         
    shop-db-1 (postgres:16)                   container *5432           300   4h[2m|[m           (3 h ago)                   
[1m▸ other · 2 processes · 2 ports                                                 [m[2m|[m user      me (uid 501)                
                                                                                [2m|[m cpu       12.3%                       
                                                                                [2m|[m mem       178.9 MiB                   
                                                                                [2m|[m                                       
                                                                                [2m|[m                                       
                                                                                [2m|[m                                       
                                                                                [2m|[m                                       
                                                                                [2m|[m                                       
                                                                                [2m|[m                                       
                                                                                [2m|[m                                       
                                                                                [2m|[m                                       
                                                                                [2m|[m                                       
                                                                                [2m|[m                                       
                                                                                [2m|[m                                       
                                                                                [2m|[m                                       
                                                                                [2m|[m                                       
                                                                                [2m|[m                                       
                                                                                [2m|[m                                       
                                                                                [2m|[m                                       
                                                                                [2m|[m                                       
                                                                                [2m|[m                                       
                                                                                [2m|[m                                       
                                                                                [2m|[m                                       
                                                                                [2m|[m                                       
                                                                                [2m|[m                                       
[33mrun with sudo to see owners[m                                                                                             
[2m↑↓ move  ←→ fold  enter detail  / filter  x kill  o open  a all  d docker  s sort  r refresh  ? help  q quit[m            
