mbp · 2 s ago · 2 projects · 6 listeners · 2 containers
NAME                                          KIND      PORTS           PID   UP| vite (node) 101 · server
▾ api @ main (here) · 2 processes · 2 ports                                     | command   node node_modules/.bin/vite
    api  orphaned, cwd deleted                server    8080,8081       200   1d|           --port 5173
    go                                        test                      201  30s| cwd       /src/shop
▾ shop @ feat/cart (worktree) · 4 processes · 1 port                            | project   shop @ feat/cart (worktree)
  ▾ vite (node)                               server    *5173           101   3h| root      /src/shop
      esbuild                                 other                     102   2h| main repo /src/shop-main
    claude                                    agent                     103  20m| listeners tcp6 [::]:5173
▾ shop (compose) · 2 containers · 2 ports                                       |           (every interface)
    shop-web-1 (nginx:1.27)                   container *8000                   | next free …
    shop-db-1 (postgres:16)                   container *5432           300   4h| parents   zsh 100 < pid 90
▸ other · 2 processes · 2 ports                                                 | started   2026-10-02 09:00:00
                                                                                |           (3 h ago)
                                                                                | user      me (uid 501)
                                                                                | cpu       12.3%
                                                                                | mem       178.9 MiB
                                                                                |
                                                                                |
                                                                                |
                                                                                |
                                                                                |
                                                                                |
                                                                                |
                                                                                |
                                                                                |
                                                                                |
                                                                                |
                                                                                |
                                                                                |
                                                                                |
                                                                                |
                                                                                |
                                                                                |
                                                                                |
                                                                                |
                                                                                |
                                                                                |
run with sudo to see owners
↑↓ move  ←→ fold  enter detail  / filter  x kill  o open  a all  d docker  s sort  r refresh  ? help  q quit
