[1mmbp[m · 2 s ago · 2 projects · 7 listeners · 2 containers                         
[1mkill postgres (pid 400): process mode, SIGTERM to 1 process[m                     
                                                                                
  400  postgres  -  5433                                                        
                                                                                
  [33mpostgres is outside every project, usually a system service.[m                  
  Confirm again: press Y (shift+y)  esc cancel                                  
                                                                                
                                                                                
                                                                                
                                                                                
                                                                                
                                                                                
                                                                                
                                                                                
                                                                                
                                                                                
                                                                                
                                                                                
                                                                                
                                                                                
                                                                                
[33mrun with sudo to see owners[m                                                     
[2m↑↓ move  ←→ fold  enter detail  / filter  x kill  o open  a all  ? help  q quit[m 
