mbp · 2 s ago · 2 projects · 7 listeners · 2 containers
kill postgres (pid 400): process mode, SIGTERM to 1 process

  400  postgres  -  5433

  postgres is outside every project, usually a system service.
  Confirm again: press Y (shift+y)  esc cancel















run with sudo to see owners
↑↓ move  ←→ fold  enter detail  / filter  x kill  o open  a all  ? help  q quit
