[1mmbp[m · 2 s ago · 2 projects · 6 listeners · 2 containers                         
[1mNAME                                          KIND      PORTS           PID   UP[m
[7;36m▾ api @ main (here) · 2 processes · 2 ports                                     [m
    api[2m  !  -addr :8080[m                       server    8080,8081       200   1d
    go[2m  test ./...[m                            test                      201  30s
[1m▾ shop @ feat/cart (worktree) · 4 processes · 1 port                            [m
[2m  ▾ zsh                                       shell                     100   5h[m
    ▾ vite (node)[2m  --port 5173[m                server    *5173           101   3h
        esbuild[2m  --service=0.21.5 --ping[m      other                     102   2h
    claude                                    agent                     103  20m
[1m▾ shop (compose) · 2 containers · 2 ports                                       [m
    shop-web-1 (nginx:1.27)                   container *8000                   
    shop-db-1 (postgres:16)                   container *5432           300   4h
[1m▸ other · 2 processes · 2 ports                                                 [m
                                                                                
                                                                                
                                                                                
                                                                                
                                                                                
                                                                                
                                                                                
                                                                                
[33mrun with sudo to see owners[m                                                     
[2m↑↓ move  ←→ fold  enter detail  / filter  x kill  o open  a all  ? help  q quit[m 
